--- Testing Backend ---
GET /health: Status 200
POST /login: Status 404
POST /login Body: {"detail":"Not Found"}
POST /api/login: Status 404

--- Testing Frontend ---
POST /api/login: Status 404
POST /api/login Body: {"error":"Not Found"}
